[2026-07-03 18:40:04 +0000] Resolving current prospectus URL...
[2026-07-03 18:40:04 +0000] Current URL: https://prospekt.aldi-sued.de/kw27-26-op-mp/
[2026-07-03 18:40:04 +0000] Peeking publication id (lightweight HTML fetch)...
[2026-07-03 18:40:04 +0000] Discovered: pub_id=3167415  slug=kw27-26-op-mp
[2026-07-03 18:40:04 +0000] NEW week detected — fetching https://prospekt.aldi-sued.de/kw27-26-op-mp/
[2026-07-03 18:40:04 +0000]   Fetching page: https://prospekt.aldi-sued.de/kw27-26-op-mp/page/1
[2026-07-03 18:40:05 +0000]   Fetching spreads: https://prospekt.aldi-sued.de/kw27-26-op-mp/spreads.json?version=ZmM0ZTNkYjdlZGJkOWEwYTUxMWJlZGFhNmE0NjFmMWMyMWNkN2NiNA==&page=1
[2026-07-03 18:40:05 +0000]   Publication has 31 pages -> 16 spreads
[2026-07-03 18:40:05 +0000]     [1/16] spread 1
[2026-07-03 18:40:05 +0000]     [2/16] spread 2-3
[2026-07-03 18:40:05 +0000]     [3/16] spread 4-5
[2026-07-03 18:40:05 +0000]     [4/16] spread 6-7
[2026-07-03 18:40:05 +0000]     [5/16] spread 8-9
[2026-07-03 18:40:05 +0000]     [6/16] spread 10-11
[2026-07-03 18:40:05 +0000]     [7/16] spread 12-13
[2026-07-03 18:40:05 +0000]     [8/16] spread 14-15
[2026-07-03 18:40:05 +0000]     [9/16] spread 16-17
[2026-07-03 18:40:05 +0000]     [10/16] spread 18-19
[2026-07-03 18:40:05 +0000]     [11/16] spread 20-21
[2026-07-03 18:40:05 +0000]     [12/16] spread 22-23
[2026-07-03 18:40:05 +0000]     [13/16] spread 24-25
[2026-07-03 18:40:05 +0000]     [14/16] spread 26-27
[2026-07-03 18:40:05 +0000]     [15/16] spread 28-29
[2026-07-03 18:40:05 +0000]     [16/16] spread 30-31
[2026-07-03 18:40:05 +0000]   Writing to DB: aldi.db
[2026-07-03 18:40:05 +0000]   Commit complete.
[2026-07-03 18:40:05 +0000] OK — fetched 175 offerings, 173 new products
[2026-07-03 19:17:14 +0000] Mode: expiry
[2026-07-03 19:17:14 +0000] NOT DUE — latest pub 'kw27-26-op-mp' (29.06. – 04.07.2026) is valid until 2026-07-04. Today is 2026-07-03. Will fetch after expiry.
[2026-07-04 13:47:53 +0000] Mode: expiry
[2026-07-04 13:47:53 +0000] NOT DUE — latest pub 'kw27-26-op-mp' (29.06. – 04.07.2026) is valid until 2026-07-04. Today is 2026-07-04. Will fetch after expiry.
[2026-07-04 20:57:09 +0000] Mode: expiry
[2026-07-04 20:57:09 +0000] NOT DUE — latest pub 'kw27-26-op-mp' (29.06. – 04.07.2026) is valid until 2026-07-04. Today is 2026-07-04. Will fetch after expiry.
[2026-07-04 21:44:22 +0000] Mode: expiry
[2026-07-04 21:44:22 +0000] NOT DUE — latest pub 'kw27-26-op-mp' (29.06. – 04.07.2026) is valid until 2026-07-04. Today is 2026-07-04. Will fetch after expiry.
[2026-07-05 13:53:43 +0000] Mode: expiry
[2026-07-05 13:53:43 +0000] DUE — latest pub 'kw27-26-op-mp' (29.06. – 04.07.2026) expired on 2026-07-04. Today is 2026-07-05. Checking for new week...
[2026-07-05 13:53:43 +0000] Resolving current prospectus URL...
[2026-07-05 13:53:44 +0000] Current URL: https://prospekt.aldi-sued.de/kw30-26-vop/
[2026-07-05 13:53:44 +0000] Peeking publication id (lightweight HTML fetch)...
[2026-07-05 13:53:44 +0000] Discovered: pub_id=3203177  slug=kw30-26-vop
[2026-07-05 13:53:44 +0000] NEW week detected — fetching https://prospekt.aldi-sued.de/kw30-26-vop/
[2026-07-05 13:53:44 +0000]   Fetching page: https://prospekt.aldi-sued.de/kw30-26-vop/page/1
[2026-07-05 13:53:44 +0000]   Fetching spreads: https://prospekt.aldi-sued.de/kw30-26-vop/spreads.json?version=ZGMzOWM3NjVkZTkwNTFlZjIxODU5MGFjNmZhMzIwNzcwYzMyYTRjMQ==&page=1
[2026-07-05 13:53:44 +0000]   Publication has 25 pages -> 13 spreads
[2026-07-05 13:53:44 +0000]     [1/13] spread 1
[2026-07-05 13:53:44 +0000]     [2/13] spread 2-3
[2026-07-05 13:53:44 +0000]     [3/13] spread 4-5
[2026-07-05 13:53:44 +0000]     [4/13] spread 6-7
[2026-07-05 13:53:44 +0000]     [5/13] spread 8-9
[2026-07-05 13:53:44 +0000]     [6/13] spread 10-11
[2026-07-05 13:53:44 +0000]     [7/13] spread 12-13
[2026-07-05 13:53:44 +0000]     [8/13] spread 14-15
[2026-07-05 13:53:44 +0000]     [9/13] spread 16-17
[2026-07-05 13:53:44 +0000]     [10/13] spread 18-19
[2026-07-05 13:53:44 +0000]     [11/13] spread 20-21
[2026-07-05 13:53:44 +0000]     [12/13] spread 22-23
[2026-07-05 13:53:44 +0000]     [13/13] spread 24-25
[2026-07-05 13:53:44 +0000]   Writing to DB: discounts.db
[2026-07-05 13:53:44 +0000]   Commit complete.
[2026-07-05 13:53:44 +0000] OK — fetched 0 offerings, 0 new products
[2026-07-05 17:50:12 +0000] Mode: expiry
[2026-07-05 17:50:12 +0000] NOT DUE — latest pub 'kw30-26-vop' (20.07. – 25.07.2026) is valid until 2026-07-25. Today is 2026-07-05. Will fetch after expiry.
[2026-07-06 15:47:20 +0000] Mode: expiry
[2026-07-06 15:47:20 +0000] NOT DUE — latest pub 'kw30-26-vop' (20.07. – 25.07.2026) is valid until 2026-07-25. Today is 2026-07-06. Will fetch after expiry.
[2026-07-07 14:51:22 +0000] Mode: expiry
[2026-07-07 14:51:22 +0000] NOT DUE — latest pub 'kw30-26-vop' (20.07. – 25.07.2026) is valid until 2026-07-25. Today is 2026-07-07. Will fetch after expiry.
[2026-07-08 14:29:16 +0000] Mode: expiry
[2026-07-08 14:29:16 +0000] NOT DUE — latest pub 'kw30-26-vop' (20.07. – 25.07.2026) is valid until 2026-07-25. Today is 2026-07-08. Will fetch after expiry.
[2026-07-09 15:24:09 +0000] Mode: expiry
[2026-07-09 15:24:09 +0000] NOT DUE — latest pub 'kw30-26-vop' (20.07. – 25.07.2026) is valid until 2026-07-25. Today is 2026-07-09. Will fetch after expiry.
[2026-07-10 14:41:43 +0000] Mode: expiry
[2026-07-10 14:41:43 +0000] NOT DUE — latest pub 'kw30-26-vop' (20.07. – 25.07.2026) is valid until 2026-07-25. Today is 2026-07-10. Will fetch after expiry.
[2026-07-11 13:40:29 +0000] Mode: expiry
[2026-07-11 13:40:29 +0000] NOT DUE — latest pub 'kw30-26-vop' (20.07. – 25.07.2026) is valid until 2026-07-25. Today is 2026-07-11. Will fetch after expiry.
[2026-07-12 13:40:47 +0000] Mode: expiry
[2026-07-12 13:40:47 +0000] NOT DUE — latest pub 'kw30-26-vop' (20.07. – 25.07.2026) is valid until 2026-07-25. Today is 2026-07-12. Will fetch after expiry.
[2026-07-13 14:48:44 +0000] Mode: expiry
[2026-07-13 14:48:44 +0000] NOT DUE — latest pub 'kw30-26-vop' (20.07. – 25.07.2026) is valid until 2026-07-25. Today is 2026-07-13. Will fetch after expiry.
[2026-07-14 13:58:54 +0000] Mode: expiry
[2026-07-14 13:58:54 +0000] NOT DUE — latest pub 'kw30-26-vop' (20.07. – 25.07.2026) is valid until 2026-07-25. Today is 2026-07-14. Will fetch after expiry.
[2026-07-15 13:55:52 +0000] Mode: expiry
[2026-07-15 13:55:52 +0000] NOT DUE — latest pub 'kw30-26-vop' (20.07. – 25.07.2026) is valid until 2026-07-25. Today is 2026-07-15. Will fetch after expiry.
[2026-07-16 14:07:51 +0000] Mode: expiry
[2026-07-16 14:07:51 +0000] NOT DUE — latest pub 'kw30-26-vop' (20.07. – 25.07.2026) is valid until 2026-07-25. Today is 2026-07-16. Will fetch after expiry.
[2026-07-17 13:51:36 +0000] Mode: expiry
[2026-07-17 13:51:36 +0000] NOT DUE — latest pub 'kw30-26-vop' (20.07. – 25.07.2026) is valid until 2026-07-25. Today is 2026-07-17. Will fetch after expiry.
[2026-07-18 13:35:01 +0000] Mode: expiry
[2026-07-18 13:35:01 +0000] NOT DUE — latest pub 'kw30-26-vop' (20.07. – 25.07.2026) is valid until 2026-07-25. Today is 2026-07-18. Will fetch after expiry.
[2026-07-19 13:37:28 +0000] Mode: expiry
[2026-07-19 13:37:28 +0000] NOT DUE — latest pub 'kw30-26-vop' (20.07. – 25.07.2026) is valid until 2026-07-25. Today is 2026-07-19. Will fetch after expiry.
[2026-07-20 14:21:17 +0000] Mode: expiry
[2026-07-20 14:21:17 +0000] NOT DUE — latest pub 'kw30-26-vop' (20.07. – 25.07.2026) is valid until 2026-07-25. Today is 2026-07-20. Will fetch after expiry.
[2026-07-21 14:07:28 +0000] Mode: expiry
[2026-07-21 14:07:28 +0000] NOT DUE — latest pub 'kw30-26-vop' (20.07. – 25.07.2026) is valid until 2026-07-25. Today is 2026-07-21. Will fetch after expiry.
[2026-07-22 14:10:08 +0000] Mode: expiry
[2026-07-22 14:10:08 +0000] NOT DUE — latest pub 'kw30-26-vop' (20.07. – 25.07.2026) is valid until 2026-07-25. Today is 2026-07-22. Will fetch after expiry.
[2026-07-23 14:19:23 +0000] Mode: expiry
[2026-07-23 14:19:23 +0000] NOT DUE — latest pub 'kw30-26-vop' (20.07. – 25.07.2026) is valid until 2026-07-25. Today is 2026-07-23. Will fetch after expiry.
[2026-07-24 13:57:21 +0000] Mode: expiry
[2026-07-24 13:57:21 +0000] NOT DUE — latest pub 'kw30-26-vop' (20.07. – 25.07.2026) is valid until 2026-07-25. Today is 2026-07-24. Will fetch after expiry.
[2026-07-25 13:48:13 +0000] Mode: expiry
[2026-07-25 13:48:13 +0000] NOT DUE — latest pub 'kw30-26-vop' (20.07. – 25.07.2026) is valid until 2026-07-25. Today is 2026-07-25. Will fetch after expiry.
[2026-07-26 13:41:45 +0000] Mode: expiry
[2026-07-26 13:41:45 +0000] DUE — latest pub 'kw30-26-vop' (20.07. – 25.07.2026) expired on 2026-07-25. Today is 2026-07-26. Checking for new week...
[2026-07-26 13:41:45 +0000] Resolving current prospectus URL...
[2026-07-26 13:41:45 +0000] Current URL: https://prospekt.aldi-sued.de/kw32-26-op/
[2026-07-26 13:41:45 +0000] Peeking publication id (lightweight HTML fetch)...
[2026-07-26 13:41:45 +0000] Discovered: pub_id=3245435  slug=kw32-26-op
[2026-07-26 13:41:45 +0000] NEW week detected — fetching https://prospekt.aldi-sued.de/kw32-26-op/
[2026-07-26 13:41:45 +0000]   Fetching page: https://prospekt.aldi-sued.de/kw32-26-op/page/1
[2026-07-26 13:41:45 +0000]   Fetching spreads: https://prospekt.aldi-sued.de/kw32-26-op/spreads.json?version=ZTIyMzliMjYyOGQ4NGZjOWNmYTQ4ZDM0ZmQ5NjE1YWZmMjk5MmE3Mw==&page=1
[2026-07-26 13:41:45 +0000]   Publication has 32 pages -> 17 spreads
[2026-07-26 13:41:45 +0000]     [1/17] spread 1
[2026-07-26 13:41:45 +0000]     [2/17] spread 2-3
[2026-07-26 13:41:45 +0000]     [3/17] spread 4-5
[2026-07-26 13:41:46 +0000]     [4/17] spread 6-7
[2026-07-26 13:41:46 +0000]     [5/17] spread 8-9
[2026-07-26 13:41:46 +0000]     [6/17] spread 10-11
[2026-07-26 13:41:46 +0000]     [7/17] spread 12-13
[2026-07-26 13:41:46 +0000]     [8/17] spread 14-15
[2026-07-26 13:41:46 +0000]     [9/17] spread 16-17
[2026-07-26 13:41:46 +0000]     [10/17] spread 18-19
[2026-07-26 13:41:46 +0000]     [11/17] spread 20-21
[2026-07-26 13:41:46 +0000]     [12/17] spread 22-23
[2026-07-26 13:41:46 +0000]     [13/17] spread 24-25
[2026-07-26 13:41:46 +0000]     [14/17] spread 26-27
[2026-07-26 13:41:46 +0000]     [15/17] spread 28-29
[2026-07-26 13:41:46 +0000]     [16/17] spread 30-31
[2026-07-26 13:41:46 +0000]     [17/17] spread 32
[2026-07-26 13:41:47 +0000]   Writing to DB: discounts.db
[2026-07-26 13:41:47 +0000]   Commit complete.
[2026-07-26 13:41:47 +0000] OK — fetched 2 offerings, 2 new products
[2026-07-27 14:49:38 +0000] Mode: expiry
[2026-07-27 14:49:38 +0000] NOT DUE — latest pub 'kw32-26-op' (03.08. – 08.08.2026) is valid until 2026-08-08. Today is 2026-07-27. Will fetch after expiry.
[2026-07-28 14:24:00 +0000] Mode: expiry
[2026-07-28 14:24:00 +0000] NOT DUE — latest pub 'kw32-26-op' (03.08. – 08.08.2026) is valid until 2026-08-08. Today is 2026-07-28. Will fetch after expiry.
[2026-07-29 14:23:08 +0000] Mode: expiry
[2026-07-29 14:23:08 +0000] NOT DUE — latest pub 'kw32-26-op' (03.08. – 08.08.2026) is valid until 2026-08-08. Today is 2026-07-29. Will fetch after expiry.
[2026-07-30 14:19:03 +0000] Mode: expiry
[2026-07-30 14:19:03 +0000] NOT DUE — latest pub 'kw32-26-op' (03.08. – 08.08.2026) is valid until 2026-08-08. Today is 2026-07-30. Will fetch after expiry.
[2026-07-31 14:22:24 +0000] Mode: expiry
[2026-07-31 14:22:24 +0000] NOT DUE — latest pub 'kw32-26-op' (03.08. – 08.08.2026) is valid until 2026-08-08. Today is 2026-07-31. Will fetch after expiry.
[2026-08-01 13:41:15 +0000] Mode: expiry
[2026-08-01 13:41:15 +0000] NOT DUE — latest pub 'kw32-26-op' (03.08. – 08.08.2026) is valid until 2026-08-08. Today is 2026-08-01. Will fetch after expiry.
[2026-08-02 13:41:15 +0000] Mode: expiry
[2026-08-02 13:41:15 +0000] NOT DUE — latest pub 'kw32-26-op' (03.08. – 08.08.2026) is valid until 2026-08-08. Today is 2026-08-02. Will fetch after expiry.
[2026-08-03 14:55:25 +0000] Mode: expiry
[2026-08-03 14:55:25 +0000] NOT DUE — latest pub 'kw32-26-op' (03.08. – 08.08.2026) is valid until 2026-08-08. Today is 2026-08-03. Will fetch after expiry.
[2026-08-04 14:29:45 +0000] Mode: expiry
[2026-08-04 14:29:45 +0000] NOT DUE — latest pub 'kw32-26-op' (03.08. – 08.08.2026) is valid until 2026-08-08. Today is 2026-08-04. Will fetch after expiry.
[2026-08-05 14:22:57 +0000] Mode: expiry
[2026-08-05 14:22:57 +0000] NOT DUE — latest pub 'kw32-26-op' (03.08. – 08.08.2026) is valid until 2026-08-08. Today is 2026-08-05. Will fetch after expiry.
[2026-08-06 14:26:07 +0000] Mode: expiry
[2026-08-06 14:26:07 +0000] NOT DUE — latest pub 'kw32-26-op' (03.08. – 08.08.2026) is valid until 2026-08-08. Today is 2026-08-06. Will fetch after expiry.
[2026-08-07 13:16:33 +0000] Mode: expiry
[2026-08-07 13:16:33 +0000] NOT DUE — latest pub 'kw32-26-op' (03.08. – 08.08.2026) is valid until 2026-08-08. Today is 2026-08-07. Will fetch after expiry.
[2026-08-08 13:00:16 +0000] Mode: expiry
[2026-08-08 13:00:16 +0000] NOT DUE — latest pub 'kw32-26-op' (03.08. – 08.08.2026) is valid until 2026-08-08. Today is 2026-08-08. Will fetch after expiry.
[2026-08-09 13:03:09 +0000] Mode: expiry
[2026-08-09 13:03:09 +0000] DUE — latest pub 'kw32-26-op' (03.08. – 08.08.2026) expired on 2026-08-08. Today is 2026-08-09. Checking for new week...
[2026-08-09 13:03:09 +0000] Resolving current prospectus URL...
[2026-08-09 13:03:10 +0000] Current URL: https://prospekt.aldi-sued.de/kw35-26-vop/
[2026-08-09 13:03:10 +0000] Peeking publication id (lightweight HTML fetch)...
[2026-08-09 13:03:10 +0000] Discovered: pub_id=3291481  slug=kw35-26-vop
[2026-08-09 13:03:10 +0000] NEW week detected — fetching https://prospekt.aldi-sued.de/kw35-26-vop/
[2026-08-09 13:03:10 +0000]   Fetching page: https://prospekt.aldi-sued.de/kw35-26-vop/page/1
[2026-08-09 13:03:10 +0000]   Fetching spreads: https://prospekt.aldi-sued.de/kw35-26-vop/spreads.json?version=MjNjZGY4ZGYxZmM5ZjE5NmMwZjRjNTQ1NWVkODdiNDdiZDk0M2Q4Yg==&page=1
[2026-08-09 13:03:10 +0000]   Publication has 23 pages -> 12 spreads
[2026-08-09 13:03:10 +0000]     [1/12] spread 1
[2026-08-09 13:03:10 +0000]     [2/12] spread 2-3
[2026-08-09 13:03:10 +0000]     [3/12] spread 4-5
[2026-08-09 13:03:11 +0000]     [4/12] spread 6-7
[2026-08-09 13:03:11 +0000]     [5/12] spread 8-9
[2026-08-09 13:03:11 +0000]     [6/12] spread 10-11
[2026-08-09 13:03:11 +0000]     [7/12] spread 12-13
[2026-08-09 13:03:11 +0000]     [8/12] spread 14-15
[2026-08-09 13:03:11 +0000]     [9/12] spread 16-17
[2026-08-09 13:03:11 +0000]     [10/12] spread 18-19
[2026-08-09 13:03:11 +0000]     [11/12] spread 20-21
[2026-08-09 13:03:11 +0000]     [12/12] spread 22-23
[2026-08-09 13:03:12 +0000]   Writing to DB: discounts.db
[2026-08-09 13:03:12 +0000]   Commit complete.
[2026-08-09 13:03:12 +0000] OK — fetched 0 offerings, 0 new products
[2026-08-10 13:21:40 +0000] Mode: expiry
[2026-08-10 13:21:40 +0000] NOT DUE — latest pub 'kw35-26-vop' (24.08. – 29.08.2026) is valid until 2026-08-29. Today is 2026-08-10. Will fetch after expiry.
[2026-08-11 13:18:26 +0000] Mode: expiry
[2026-08-11 13:18:26 +0000] NOT DUE — latest pub 'kw35-26-vop' (24.08. – 29.08.2026) is valid until 2026-08-29. Today is 2026-08-11. Will fetch after expiry.
[2026-08-12 13:22:23 +0000] Mode: expiry
[2026-08-12 13:22:23 +0000] NOT DUE — latest pub 'kw35-26-vop' (24.08. – 29.08.2026) is valid until 2026-08-29. Today is 2026-08-12. Will fetch after expiry.
[2026-08-13 13:24:18 +0000] Mode: expiry
[2026-08-13 13:24:18 +0000] NOT DUE — latest pub 'kw35-26-vop' (24.08. – 29.08.2026) is valid until 2026-08-29. Today is 2026-08-13. Will fetch after expiry.
[2026-08-14 13:19:03 +0000] Mode: expiry
[2026-08-14 13:19:03 +0000] NOT DUE — latest pub 'kw35-26-vop' (24.08. – 29.08.2026) is valid until 2026-08-29. Today is 2026-08-14. Will fetch after expiry.
[2026-08-15 12:48:56 +0000] Mode: expiry
[2026-08-15 12:48:56 +0000] NOT DUE — latest pub 'kw35-26-vop' (24.08. – 29.08.2026) is valid until 2026-08-29. Today is 2026-08-15. Will fetch after expiry.
[2026-08-16 12:50:08 +0000] Mode: expiry
[2026-08-16 12:50:09 +0000] NOT DUE — latest pub 'kw35-26-vop' (24.08. – 29.08.2026) is valid until 2026-08-29. Today is 2026-08-16. Will fetch after expiry.
[2026-08-17 12:54:36 +0000] Mode: expiry
[2026-08-17 12:54:36 +0000] NOT DUE — latest pub 'kw35-26-vop' (24.08. – 29.08.2026) is valid until 2026-08-29. Today is 2026-08-17. Will fetch after expiry.
[2026-08-18 12:56:27 +0000] Mode: expiry
[2026-08-18 12:56:27 +0000] NOT DUE — latest pub 'kw35-26-vop' (24.08. – 29.08.2026) is valid until 2026-08-29. Today is 2026-08-18. Will fetch after expiry.
[2026-08-19 12:57:07 +0000] Mode: expiry
[2026-08-19 12:57:07 +0000] NOT DUE — latest pub 'kw35-26-vop' (24.08. – 29.08.2026) is valid until 2026-08-29. Today is 2026-08-19. Will fetch after expiry.
[2026-08-20 12:59:44 +0000] Mode: expiry
[2026-08-20 12:59:44 +0000] NOT DUE — latest pub 'kw35-26-vop' (24.08. – 29.08.2026) is valid until 2026-08-29. Today is 2026-08-20. Will fetch after expiry.
[2026-08-21 12:58:33 +0000] Mode: expiry
[2026-08-21 12:58:33 +0000] NOT DUE — latest pub 'kw35-26-vop' (24.08. – 29.08.2026) is valid until 2026-08-29. Today is 2026-08-21. Will fetch after expiry.
[2026-08-22 12:49:53 +0000] Mode: expiry
[2026-08-22 12:49:54 +0000] NOT DUE — latest pub 'kw35-26-vop' (24.08. – 29.08.2026) is valid until 2026-08-29. Today is 2026-08-22. Will fetch after expiry.
[2026-08-23 12:51:13 +0000] Mode: expiry
[2026-08-23 12:51:13 +0000] NOT DUE — latest pub 'kw35-26-vop' (24.08. – 29.08.2026) is valid until 2026-08-29. Today is 2026-08-23. Will fetch after expiry.
[2026-08-24 13:01:29 +0000] Mode: expiry
[2026-08-24 13:01:29 +0000] NOT DUE — latest pub 'kw35-26-vop' (24.08. – 29.08.2026) is valid until 2026-08-29. Today is 2026-08-24. Will fetch after expiry.
[2026-08-25 12:57:11 +0000] Mode: expiry
[2026-08-25 12:57:11 +0000] NOT DUE — latest pub 'kw35-26-vop' (24.08. – 29.08.2026) is valid until 2026-08-29. Today is 2026-08-25. Will fetch after expiry.
[2026-08-26 13:03:31 +0000] Mode: expiry
[2026-08-26 13:03:31 +0000] NOT DUE — latest pub 'kw35-26-vop' (24.08. – 29.08.2026) is valid until 2026-08-29. Today is 2026-08-26. Will fetch after expiry.
[2026-08-27 22:06:22 +0000] Mode: expiry
[2026-08-27 22:06:23 +0000] NOT DUE — latest pub 'kw35-26-vop' (24.08. – 29.08.2026) is valid until 2026-08-29. Today is 2026-08-27. Will fetch after expiry.
[2026-08-28 22:04:50 +0000] Mode: expiry
[2026-08-28 22:04:50 +0000] NOT DUE — latest pub 'kw35-26-vop' (24.08. – 29.08.2026) is valid until 2026-08-29. Today is 2026-08-28. Will fetch after expiry.
[2026-08-29 16:33:25 +0000] Mode: expiry
[2026-08-29 16:33:26 +0000] NOT DUE — latest pub 'kw35-26-vop' (24.08. – 29.08.2026) is valid until 2026-08-29. Today is 2026-08-29. Will fetch after expiry.
